0 verbose cli C:\dev\nodejs\node.exe C:\dev\nvm\v20.19.4\node_modules\npm\bin\npm-cli.js
1 info using npm@10.8.2
2 info using node@v20.19.4
3 silly config load:file:C:\dev\nvm\v20.19.4\node_modules\npm\npmrc
4 silly config load:file:D:\ctsi\practice\seasonal-spirit-pets\.npmrc
5 silly config load:file:C:\Users\13592\.npmrc
6 silly config load:file:C:\dev\nodejs\etc\npmrc
7 verbose title npm exec supabase functions deploy reminder-scheduler --project-ref bkxivnvduiwkklaumrvy --debug
8 verbose argv "exec" "--" "supabase" "functions" "deploy" "reminder-scheduler" "--project-ref" "bkxivnvduiwkklaumrvy" "--debug"
9 verbose logfile logs-max:10 dir:D:\ctsi\practice\seasonal-spirit-pets\.npm-cache\_logs\2026-04-20T09_39_36_696Z-
10 verbose logfile D:\ctsi\practice\seasonal-spirit-pets\.npm-cache\_logs\2026-04-20T09_39_36_696Z-debug-0.log
11 silly logfile done cleaning log files
12 silly packumentCache heap:4345298944 maxSize:1086324736 maxEntrySize:543162368
13 http fetch GET 200 https://registry.npmmirror.com/supabase 247ms (cache revalidated)
14 silly packumentCache heap:4345298944 maxSize:1086324736 maxEntrySize:543162368
15 silly packumentCache heap:4345298944 maxSize:1086324736 maxEntrySize:543162368
16 verbose cwd D:\ctsi\practice\seasonal-spirit-pets
17 verbose os Windows_NT 10.0.26200
18 verbose node v20.19.4
19 verbose npm  v10.8.2
20 verbose exit 1
21 verbose code 1
