0 verbose cli C:\dev\nodejs\node.exe C:\dev\nvm\v20.19.4\node_modules\npm\bin\npm-cli.js
1 info using npm@10.8.2
2 info using node@v20.19.4
3 silly config load:file:C:\dev\nvm\v20.19.4\node_modules\npm\npmrc
4 silly config load:file:D:\ctsi\practice\seasonal-spirit-pets\.npmrc
5 silly config load:file:C:\Users\13592\.npmrc
6 silly config load:file:C:\dev\nodejs\etc\npmrc
7 verbose title npm exec supabase secrets set PUSH_CHANNEL=bark --project-ref bkxivnvduiwkklaumrvy
8 verbose argv "exec" "--" "supabase" "secrets" "set" "PUSH_CHANNEL=bark" "--project-ref" "bkxivnvduiwkklaumrvy"
9 verbose logfile logs-max:10 dir:D:\ctsi\practice\seasonal-spirit-pets\.npm-cache\_logs\2026-04-21T07_27_15_712Z-
10 verbose logfile D:\ctsi\practice\seasonal-spirit-pets\.npm-cache\_logs\2026-04-21T07_27_15_712Z-debug-0.log
11 silly logfile start cleaning logs, removing 1 files
12 silly logfile done cleaning log files
13 silly packumentCache heap:4345298944 maxSize:1086324736 maxEntrySize:543162368
14 http fetch GET 200 https://registry.npmmirror.com/supabase 938ms (cache updated)
15 silly packumentCache heap:4345298944 maxSize:1086324736 maxEntrySize:543162368
16 silly packumentCache heap:4345298944 maxSize:1086324736 maxEntrySize:543162368
17 warn exec The following package was not found and will be installed: supabase@2.93.0
18 silly idealTree buildDeps
19 silly fetch manifest supabase@2.93.0
20 silly packumentCache full:http://registry.npmmirror.com/supabase cache-miss
21 http fetch GET 200 https://registry.npmmirror.com/supabase 285ms (cache updated)
22 silly packumentCache full:http://registry.npmmirror.com/supabase set size:604992 disposed:false
23 silly placeDep ROOT supabase@2.93.0 REPLACE for:  want: 2.93.0
24 silly reify mark retired [
24 silly reify   'D:\\ctsi\\practice\\seasonal-spirit-pets\\.npm-cache\\_npx\\aa8e5c70f9d8d161\\node_modules\\supabase',
24 silly reify   'D:\\ctsi\\practice\\seasonal-spirit-pets\\.npm-cache\\_npx\\aa8e5c70f9d8d161\\node_modules\\.bin\\supabase',
24 silly reify   'D:\\ctsi\\practice\\seasonal-spirit-pets\\.npm-cache\\_npx\\aa8e5c70f9d8d161\\node_modules\\.bin\\supabase.cmd',
24 silly reify   'D:\\ctsi\\practice\\seasonal-spirit-pets\\.npm-cache\\_npx\\aa8e5c70f9d8d161\\node_modules\\.bin\\supabase.ps1'
24 silly reify ]
25 silly reify moves {
25 silly reify   'D:\\ctsi\\practice\\seasonal-spirit-pets\\.npm-cache\\_npx\\aa8e5c70f9d8d161\\node_modules\\supabase': 'D:\\ctsi\\practice\\seasonal-spirit-pets\\.npm-cache\\_npx\\aa8e5c70f9d8d161\\node_modules\\.supabase-pjWIeSZ2',
25 silly reify   'D:\\ctsi\\practice\\seasonal-spirit-pets\\.npm-cache\\_npx\\aa8e5c70f9d8d161\\node_modules\\.bin\\supabase': 'D:\\ctsi\\practice\\seasonal-spirit-pets\\.npm-cache\\_npx\\aa8e5c70f9d8d161\\node_modules\\.bin\\.supabase-WWnd4feW',
25 silly reify   'D:\\ctsi\\practice\\seasonal-spirit-pets\\.npm-cache\\_npx\\aa8e5c70f9d8d161\\node_modules\\.bin\\supabase.cmd': 'D:\\ctsi\\practice\\seasonal-spirit-pets\\.npm-cache\\_npx\\aa8e5c70f9d8d161\\node_modules\\.bin\\.supabase.cmd-GAI8BGbL',
25 silly reify   'D:\\ctsi\\practice\\seasonal-spirit-pets\\.npm-cache\\_npx\\aa8e5c70f9d8d161\\node_modules\\.bin\\supabase.ps1': 'D:\\ctsi\\practice\\seasonal-spirit-pets\\.npm-cache\\_npx\\aa8e5c70f9d8d161\\node_modules\\.bin\\.supabase.ps1-GXO54krP'
25 silly reify }
26 silly audit bulk request {
26 silly audit   '@isaacs/fs-minipass': [ '4.0.1' ],
26 silly audit   'agent-base': [ '9.0.0' ],
26 silly audit   'bin-links': [ '6.0.0' ],
26 silly audit   chownr: [ '3.0.0' ],
26 silly audit   'cmd-shim': [ '8.0.0' ],
26 silly audit   'data-uri-to-buffer': [ '4.0.1' ],
26 silly audit   debug: [ '4.4.3' ],
26 silly audit   'fetch-blob': [ '3.2.0' ],
26 silly audit   'formdata-polyfill': [ '4.0.10' ],
26 silly audit   'https-proxy-agent': [ '9.0.0' ],
26 silly audit   minipass: [ '7.1.3' ],
26 silly audit   minizlib: [ '3.1.0' ],
26 silly audit   ms: [ '2.1.3' ],
26 silly audit   'node-domexception': [ '1.0.0' ],
26 silly audit   'node-fetch': [ '3.3.2' ],
26 silly audit   'npm-normalize-package-bin': [ '5.0.0' ],
26 silly audit   'proc-log': [ '6.1.0' ],
26 silly audit   'read-cmd-shim': [ '6.0.0' ],
26 silly audit   'signal-exit': [ '4.1.0' ],
26 silly audit   tar: [ '7.5.13' ],
26 silly audit   'web-streams-polyfill': [ '3.3.3' ],
26 silly audit   'write-file-atomic': [ '7.0.1' ],
26 silly audit   yallist: [ '5.0.0' ],
26 silly audit   supabase: [ '2.93.0' ]
26 silly audit }
27 silly tarball no local data for supabase@https://registry.npmmirror.com/supabase/-/supabase-2.93.0.tgz. Extracting by manifest.
28 http fetch POST 404 https://registry.npmmirror.com/-/npm/v1/security/advisories/bulk 131ms (cache skip)
29 silly audit bulk request failed [object Object]
30 http fetch POST 404 https://registry.npmmirror.com/-/npm/v1/security/audits/quick 57ms (cache skip)
31 verbose audit error HttpErrorGeneral: 404 Not Found - POST https://registry.npmmirror.com/-/npm/v1/security/audits/quick - [NOT_IMPLEMENTED] /-/npm/v1/security/* not implemented yet
31 verbose audit error     at C:\dev\nvm\v20.19.4\node_modules\npm\node_modules\npm-registry-fetch\lib\check-response.js:95:15
31 verbose audit error     at process.processTicksAndRejections (node:internal/process/task_queues:95:5)
31 verbose audit error     at async [getReport] (C:\dev\nvm\v20.19.4\node_modules\npm\node_modules\@npmcli\arborist\lib\audit-report.js:336:21)
31 verbose audit error     at async AuditReport.run (C:\dev\nvm\v20.19.4\node_modules\npm\node_modules\@npmcli\arborist\lib\audit-report.js:106:19) {
31 verbose audit error   headers: [Object: null prototype] {
31 verbose audit error     server: [ 'Tengine' ],
31 verbose audit error     date: [ 'Tue, 21 Apr 2026 07:27:27 GMT' ],
31 verbose audit error     'content-type': [ 'application/json' ],
31 verbose audit error     'transfer-encoding': [ 'chunked' ],
31 verbose audit error     connection: [ 'keep-alive' ],
31 verbose audit error     'strict-transport-security': [ 'max-age=5184000' ],
31 verbose audit error     via: [ 'kunlun5.cn9398[,404666]' ],
31 verbose audit error     'timing-allow-origin': [ '*' ],
31 verbose audit error     eagleid: [ '968bf10c17767564472238348e' ],
31 verbose audit error     'x-fetch-attempts': [ '1' ],
31 verbose audit error     'x-local-cache-status': [ 'skip' ]
31 verbose audit error   },
31 verbose audit error   statusCode: 404,
31 verbose audit error   code: 'E404',
31 verbose audit error   method: 'POST',
31 verbose audit error   uri: 'https://registry.npmmirror.com/-/npm/v1/security/audits/quick',
31 verbose audit error   body: {
31 verbose audit error     error: '[NOT_IMPLEMENTED] /-/npm/v1/security/* not implemented yet'
31 verbose audit error   },
31 verbose audit error   pkgid: undefined
31 verbose audit error }
32 silly audit error [object Object]
33 silly audit report null
34 http fetch GET 200 https://cdn.npmmirror.com/packages/supabase/2.93.0/supabase-2.93.0.tgz 233ms (cache miss)
35 info run supabase@2.93.0 postinstall node_modules/supabase node scripts/postinstall.js
36 info run supabase@2.93.0 postinstall { code: 1, signal: null }
37 warn cleanup Failed to remove some directories [
37 warn cleanup   [
37 warn cleanup     'D:\\ctsi\\practice\\seasonal-spirit-pets\\.npm-cache\\_npx\\aa8e5c70f9d8d161\\node_modules\\supabase',
37 warn cleanup     [Error: EBUSY: resource busy or locked, rmdir 'D:\ctsi\practice\seasonal-spirit-pets\.npm-cache\_npx\aa8e5c70f9d8d161\node_modules\supabase'] {
37 warn cleanup       errno: -4082,
37 warn cleanup       code: 'EBUSY',
37 warn cleanup       syscall: 'rmdir',
37 warn cleanup       path: 'D:\\ctsi\\practice\\seasonal-spirit-pets\\.npm-cache\\_npx\\aa8e5c70f9d8d161\\node_modules\\supabase'
37 warn cleanup     }
37 warn cleanup   ],
37 warn cleanup   [
37 warn cleanup     'D:\\ctsi\\practice\\seasonal-spirit-pets\\.npm-cache\\_npx\\aa8e5c70f9d8d161\\node_modules\\supabase',
37 warn cleanup     [Error: EBUSY: resource busy or locked, rmdir 'D:\ctsi\practice\seasonal-spirit-pets\.npm-cache\_npx\aa8e5c70f9d8d161\node_modules\supabase'] {
37 warn cleanup       errno: -4082,
37 warn cleanup       code: 'EBUSY',
37 warn cleanup       syscall: 'rmdir',
37 warn cleanup       path: 'D:\\ctsi\\practice\\seasonal-spirit-pets\\.npm-cache\\_npx\\aa8e5c70f9d8d161\\node_modules\\supabase'
37 warn cleanup     }
37 warn cleanup   ]
37 warn cleanup ]
38 silly unfinished npm timer reify 1776756446146
39 silly unfinished npm timer reify:build 1776756446766
40 silly unfinished npm timer build 1776756446767
41 silly unfinished npm timer build:deps 1776756446767
42 silly unfinished npm timer build:run:postinstall 1776756446769
43 silly unfinished npm timer build:run:postinstall:node_modules/supabase 1776756446770
44 verbose cwd D:\ctsi\practice\seasonal-spirit-pets
45 verbose os Windows_NT 10.0.26200
46 verbose node v20.19.4
47 verbose npm  v10.8.2
48 verbose exit 1
49 verbose code 1
